[m   [1;31m¢i¢i¢i¢i                        [34m¢i¢i¢i¢i[30m [31m¢ª    ¢«[m
[1;31m   ¢i¢i     ¢i¢i ¢i¢i[m [1;31m ¢i ¢¨¢i¢i¢©[m [1;34m¢i¢i[37m     ¢¨¢i¢i¢© [30m¢i¢©¢¨¢i[m
   [1;31m¢i¢i¢i¢i      ¢i¢i¢i   ¢i¢i¢c¢i[m [1;34m¢i¢i¢i¢i[37m ¢i    ¢i [30m¢ª¢i¢i¢«[m
   [1;31m¢i¢i     ¢i¢i ¢i¢i     ¢i¢i[m     [1;34m¢i¢i[37m     ¢i [31m¡´[37m ¢i [30m¢¨¢i¢i¢©[m
   [1;31m¢i¢i     ¢i¢i ¢i¢i     ¢ª¢i¢i¢«[m [1;34m¢i¢i[37m     ¢ª¢i¢i¢« [30m¢i¢«¢ª¢i[m
[1;31m [37m [m [1m¬Ý¨º!¦³[31m¤õ[37m­C!©ñ[31m¤õ[37m¦æ°Ê®i¶}¤F!ÁÙ¤£§Ö¨Ó![32m[http://moztw.org/sfx/][m









































